e:\c++ sources\speedybypass c++\j loader\examples\example_win32_directx11\release\vc143.pdb
e:\c++ sources\speedybypass c++\j loader\examples\example_win32_directx11\release\snow.obj
e:\c++ sources\speedybypass c++\j loader\examples\example_win32_directx11\release\main.obj
e:\c++ sources\speedybypass c++\j loader\examples\example_win32_directx11\release\imgui_impl_win32.obj
e:\c++ sources\speedybypass c++\j loader\examples\example_win32_directx11\release\imgui_impl_dx11.obj
e:\c++ sources\speedybypass c++\j loader\examples\example_win32_directx11\release\imgui_widgets.obj
e:\c++ sources\speedybypass c++\j loader\examples\example_win32_directx11\release\imgui_tables.obj
e:\c++ sources\speedybypass c++\j loader\examples\example_win32_directx11\release\imgui_freetype.obj
e:\c++ sources\speedybypass c++\j loader\examples\example_win32_directx11\release\imgui_draw.obj
e:\c++ sources\speedybypass c++\j loader\examples\example_win32_directx11\release\imgui.obj
e:\c++ sources\speedybypass c++\j loader\examples\example_win32_directx11\release\d3dcompiler_43.dll
e:\c++ sources\speedybypass c++\j loader\examples\example_win32_directx11\release\d3dx9_43.dll
e:\c++ sources\speedybypass c++\j loader\examples\example_win32_directx11\release\d3dx10_43.dll
e:\c++ sources\speedybypass c++\j loader\examples\example_win32_directx11\release\d3dx11_43.dll
e:\c++ sources\speedybypass c++\j loader\examples\example_win32_directx11\release\adi cheats bypass.exe
e:\c++ sources\speedybypass c++\j loader\examples\example_win32_directx11\release\adi cheats bypass.pdb
e:\c++ sources\speedybypass c++\j loader\examples\example_win32_directx11\release\adi cheats bypass.ipdb
e:\c++ sources\speedybypass c++\j loader\examples\example_win32_directx11\release\adi cheats bypass.iobj
e:\c++ sources\speedybypass c++\j loader\examples\example_win32_directx11\release\example_win32_directx11.vcxproj.filelistabsolute.txt
e:\c++ sources\speedybypass c++\j loader\examples\example_win32_directx11\release\adi chea.9f316e83.tlog\cl.command.1.tlog
e:\c++ sources\speedybypass c++\j loader\examples\example_win32_directx11\release\adi chea.9f316e83.tlog\cl.items.tlog
e:\c++ sources\speedybypass c++\j loader\examples\example_win32_directx11\release\adi chea.9f316e83.tlog\cl.read.1.tlog
e:\c++ sources\speedybypass c++\j loader\examples\example_win32_directx11\release\adi chea.9f316e83.tlog\cl.write.1.tlog
e:\c++ sources\speedybypass c++\j loader\examples\example_win32_directx11\release\adi chea.9f316e83.tlog\copylocal.read.1u.tlog
e:\c++ sources\speedybypass c++\j loader\examples\example_win32_directx11\release\adi chea.9f316e83.tlog\copylocal.write.1u.tlog
e:\c++ sources\speedybypass c++\j loader\examples\example_win32_directx11\release\adi chea.9f316e83.tlog\link.command.1.tlog
e:\c++ sources\speedybypass c++\j loader\examples\example_win32_directx11\release\adi chea.9f316e83.tlog\link.read.1.tlog
e:\c++ sources\speedybypass c++\j loader\examples\example_win32_directx11\release\adi chea.9f316e83.tlog\link.secondary.1.tlog
e:\c++ sources\speedybypass c++\j loader\examples\example_win32_directx11\release\adi chea.9f316e83.tlog\link.write.1.tlog
